C51 COMPILER V9.55   KEY                                                                   01/15/2024 22:51:08 PAGE 1   


C51 COMPILER V9.55, COMPILATION OF MODULE KEY
OBJECT MODULE PLACED IN .\Objects\key.obj
COMPILER INVOKED BY: D:\Program Files (x86)\Keil_C51\C51\BIN\C51.EXE ..\user\key.c OPTIMIZE(8,SPEED) BROWSE INCDIR(..\ha
                    -l;..\user) DEBUG OBJECTEXTEND PRINT(.\Listings\key.lst) TABS(2) OBJECT(.\Objects\key.obj)

line level    source

   1          #include "HC89S003AF4.h"
   2          #include "key.h"
   3          #include "gpio.h"
   4          #include "common.h"
   5          #include "led.h"
   6          #include "my_printf.h"
   7          
   8          #define KEY_MASK        0x00
   9          #define KEY_VALUE_PWR   0x01
  10          #define KEY_VALUE_GAP   0x02
  11          #define KEY_VALUE_TIM   0x04
  12          
  13          static bool_en gKeyPress     = false;
  14          static bool_en gKeyPressed   = false;
  15          static bool_en gKeyLongPress = false;
  16          static uint8_t gLastKeyValue = KEY_MASK;
  17          static uint16_t gKeyCnt = 0;
  18          
  19          
  20          static void doPowerKeyShortPressEvent(void)
  21          {
  22   1          static uint8_t state = 0;
  23   1          state = !state;
  24   1          if(state){
  25   2              user_set_brake_led_level(LED_LEVEL_LOW);
  26   2          }else{
  27   2              user_set_brake_led_level(LED_LEVEL_OFF);
  28   2          }
  29   1      }
  30          
  31          static void doGapKeyShortPressEvent(void)
  32          {
  33   1      
  34   1      }
  35          
  36          static void doTimKeyShortPressEVent(void)
  37          {
  38   1      
  39   1      }
  40          
  41          static void doPowerKeyLongPressEvent(void)
  42          {
  43   1      
  44   1      }
  45          
  46          static void doGapKeyLongPressEvent(void)
  47          {
  48   1      
  49   1      }
  50          
  51          static void doTimKeyLongPressEVent(void)
  52          {
  53   1      
  54   1      }
C51 COMPILER V9.55   KEY                                                                   01/15/2024 22:51:08 PAGE 2   

  55          
  56          static void onLongKeyPressed(uint8_t keyValue)
  57          {
  58   1          if(KEY_VALUE_PWR & keyValue){
  59   2              doPowerKeyLongPressEvent();
  60   2          }else if(KEY_VALUE_GAP & keyValue){
  61   2              doGapKeyLongPressEvent();
  62   2          }else if(KEY_VALUE_TIM & keyValue){
  63   2              doTimKeyLongPressEVent();
  64   2          }
  65   1      }
  66          
  67          static void onShortKeyPressed(uint8_t keyValue)
  68          {
  69   1          if(KEY_VALUE_PWR & keyValue){
  70   2              doPowerKeyShortPressEvent();
  71   2          }else if(KEY_VALUE_GAP & keyValue){
  72   2              doGapKeyShortPressEvent();
  73   2          }else if(KEY_VALUE_TIM & keyValue){
  74   2             doTimKeyShortPressEVent(); 
  75   2          }
  76   1      }
  77          
  78          void key_init(void)
  79          {
  80   1          /* 电源键：P2.5 */
  81   1      //    gpio2_init(GPIO_5, GPIO_INPUT_PU_WITHOUT_SMT);
  82   1        
  83   1          P2M2 = P2M2 & 0X0F | 0X60;
  84   1          /* Gsensor 阈值设置键: P0.2 */
  85   1          gpio0_init(GPIO_2, GPIO_INPUT_PU_WITHOUT_SMT);
  86   1      
  87   1          /* Gsensor 滤波时间设置键: P2.3 */
  88   1          gpio2_init(GPIO_3, GPIO_INPUT_PU_WITHOUT_SMT);
  89   1      }
  90          
  91          void key_task(void)
  92          {
  93   1          uint8_t stKeyValue;
  94   1        
  95   1        char value = P2_5;
  96   1      
  97   1          if(gMainContext.mKeyDelay == false){
  98   2              return;
  99   2          }
 100   1          gMainContext.mKeyDelay = false;
 101   1      
 102   1          stKeyValue = P2_5;
 103   1          my_printf("p2_5: %d\r\n", P2_5);
 104   1        stKeyValue |= (P0_2 ? 0x02 : 0x00);
 105   1        stKeyValue |= (P2_3 ? 0x04 : 0x00);
 106   1      
 107   1          
 108   1      
 109   1          if(KEY_MASK == stKeyValue){
 110   2              /* no key pressed */
 111   2              gKeyPress = false;
 112   2              return;
 113   2          }
 114   1      
 115   1          if(gKeyPress){
 116   2              /* key pressing */
C51 COMPILER V9.55   KEY                                                                   01/15/2024 22:51:08 PAGE 3   

 117   2              if(gLastKeyValue == stKeyValue){
 118   3                  gKeyCnt ++;
 119   3                  if(gKeyCnt >= 2000 && !gKeyLongPress){
 120   4                      gKeyLongPress = true;
 121   4                      onLongKeyPressed(stKeyValue);
 122   4                  }else if(gKeyCnt >= 30 && !gKeyPressed){
 123   4                      gKeyPressed = true;
 124   4                  }
 125   3              }else{
 126   3                  /* release key */
 127   3                  if(!gKeyLongPress && gKeyPressed){
 128   4                      onShortKeyPressed(stKeyValue);
 129   4                  }
 130   3                  gKeyPress = false;
 131   3              }
 132   2          }else{
 133   2              /* key value changed */
 134   2              if(gLastKeyValue != stKeyValue){
 135   3                  gLastKeyValue = stKeyValue;
 136   3                  gKeyPress = true;
 137   3                  gKeyPressed = false;
 138   3                  gKeyLongPress = false;
 139   3                  gKeyCnt = 0;
 140   3              }
 141   2          }
 142   1          
 143   1      }


MODULE INFORMATION:   STATIC OVERLAYABLE
   CODE SIZE        =    304    ----
   CONSTANT SIZE    =     11    ----
   XDATA SIZE       =      4       1
   PDATA SIZE       =   ----    ----
   DATA SIZE        =      3       2
   IDATA SIZE       =   ----    ----
   BIT SIZE         =   ----    ----
END OF MODULE INFORMATION.


C51 COMPILATION COMPLETE.  0 WARNING(S),  0 ERROR(S)
